$ astro build
[2m23:04:12[22m [34m[@astrojs/node][39m Enabling sessions with filesystem storage
[33m[1m23:04:12[22m [WARN] [router][39m The route "/api/keystatic/[...params]" is defined in both "src/pages/api/keystatic/[...params].ts" and "node_modules/@keystatic/astro/internal/keystatic-api.js" using SSR mode. A dynamic SSR route cannot be defined more than once.
[33m[1m23:04:12[22m [WARN] [router][39m A collision will result in an hard error in following versions of Astro.
[33m[1m23:04:12[22m [WARN] [router][39m The route "/keystatic/[...params]" is defined in both "src/pages/keystatic/[...params].astro" and "node_modules/@keystatic/astro/internal/keystatic-astro-page.astro" using SSR mode. A dynamic SSR route cannot be defined more than once.
[33m[1m23:04:12[22m [WARN] [router][39m A collision will result in an hard error in following versions of Astro.
[2m23:04:12[22m [34m[content][39m Syncing content
[2m23:04:12[22m [34m[content][39m Synced content
[2m23:04:12[22m [34m[types][39m Generated [2m192ms[22m
[2m23:04:12[22m [34m[build][39m output: [34m"static"[39m
[2m23:04:12[22m [34m[build][39m mode: [34m"server"[39m
[2m23:04:12[22m [34m[build][39m directory: [34mC:\MyFiles\ProgrammingProjects\MamaWiki\kancelariaabw\dist\[39m
[2m23:04:12[22m [34m[build][39m adapter: [32m@astrojs/node[39m
[2m23:04:12[22m [34m[build][39m Collecting build info...
[2m23:04:12[22m [34m[build][39m [32mÔ£ô Completed in 217ms.[39m
[2m23:04:12[22m [34m[build][39m Building server entrypoints...
23:04:13 [ERROR] [vite] Ô£ù Build failed in 381ms
[CompilerError] [astro:build] The closing frontmatter fence (---) is missing an opening fence
file: C:/MyFiles/ProgrammingProjects/MamaWiki/kancelariaabw/src/pages/uslugi/[slug].astro:42:1
  Hint:
    Add --- at the beginning of your file before any import statements or code
  Location:
    C:/MyFiles/ProgrammingProjects/MamaWiki/kancelariaabw/src/pages/uslugi/[slug].astro:42:1
  Stack trace:
    at handleCompileResultErrors (file:///C:/MyFiles/ProgrammingProjects/MamaWiki/kancelariaabw/node_modules/astro/dist/core/compile/compile.js:65:11)
    at async compileAstro (file:///C:/MyFiles/ProgrammingProjects/MamaWiki/kancelariaabw/node_modules/astro/dist/vite-plugin-astro/compile.js:13:23)
    at async transform (file:///C:/MyFiles/ProgrammingProjects/MamaWiki/kancelariaabw/node_modules/rollup/dist/es/shared/node-entry.js:21269:16)
error: script "build" exited with code 1
